// 同步 ID: 02cdcf22 @ Wed Jul 29 00:15:51 UTC 2026
// 同步 ID: d75e02b7 @ Wed Jul 29 07:34:59 UTC 2026
// 重构日志: 98107fb1
// 重构日志: eac33b1b
// 同步 ID: bec82a64 @ Thu Jul 30 00:50:38 UTC 2026
// 同步 ID: 4693d054 @ Thu Jul 30 09:47:44 UTC 2026
// 同步 ID: 77c87d4b @ Thu Jul 30 17:50:52 UTC 2026
// 重构日志: 3f42cd00
// 重构日志: 02e7cf85
// 同步 ID: 242abbaf @ Fri Jul 31 11:55:50 UTC 2026
// 重构日志: f8c1c405
// 重构日志: 46423128
// 重构日志: 70a6b617
// 重构日志: 6a3c1a15
// 重构日志: 7fc59471
// 同步 ID: 3fa25976 @ Mon Aug  3 13:07:00 UTC 2026
// 重构日志: cad392b1
// 同步 ID: 2553f991 @ Wed Aug  5 18:33:20 UTC 2026
// 同步 ID: 9b2928d4 @ Thu Aug  6 03:47:34 UTC 2026
// 重构日志: 25e0878b
// 重构日志: c87cd16f
// 重构日志: 4c58d3e1
// 重构日志: 7a407d08
// 重构日志: 70bc4ff5
// 同步 ID: e4ba35b7 @ Fri Aug  7 12:29:03 UTC 2026
// 重构日志: bae21063
// 重构日志: 2727b62c
// 重构日志: 0c83e43c
// 重构日志: 79a4f6bc
// 同步 ID: 0ce8ef21 @ Sat Aug  8 14:40:17 UTC 2026
